stm32f1xx_hal.c:142:19:HAL_Init	8	static
stm32f1xx_hal.c:174:19:HAL_DeInit	8	static
stm32f1xx_hal.c:199:13:HAL_MspInit	4	static
stm32f1xx_hal.c:210:13:HAL_MspDeInit	4	static
stm32f1xx_hal.c:233:26:HAL_InitTick	16	static
stm32f1xx_hal.c:292:13:HAL_IncTick	4	static
stm32f1xx_hal.c:303:17:HAL_GetTick	4	static
stm32f1xx_hal.c:312:10:HAL_GetTickPrio	4	static
stm32f1xx_hal.c:321:19:HAL_SetTickFreq	24	static
stm32f1xx_hal.c:353:21:HAL_GetTickFreq	4	static
stm32f1xx_hal.c:369:13:HAL_Delay	24	static
stm32f1xx_hal.c:395:13:HAL_SuspendTick	4	static
stm32f1xx_hal.c:411:13:HAL_ResumeTick	4	static
stm32f1xx_hal.c:421:10:HAL_GetHalVersion	4	static
stm32f1xx_hal.c:437:10:HAL_GetREVID	4	static
stm32f1xx_hal.c:453:10:HAL_GetDEVID	4	static
stm32f1xx_hal.c:462:10:HAL_GetUIDw0	4	static
stm32f1xx_hal.c:471:10:HAL_GetUIDw1	4	static
stm32f1xx_hal.c:480:10:HAL_GetUIDw2	4	static
stm32f1xx_hal.c:489:6:HAL_DBGMCU_EnableDBGSleepMode	4	static
stm32f1xx_hal.c:505:6:HAL_DBGMCU_DisableDBGSleepMode	4	static
stm32f1xx_hal.c:535:6:HAL_DBGMCU_EnableDBGStopMode	4	static
stm32f1xx_hal.c:551:6:HAL_DBGMCU_DisableDBGStopMode	4	static
stm32f1xx_hal.c:567:6:HAL_DBGMCU_EnableDBGStandbyMode	4	static
stm32f1xx_hal.c:583:6:HAL_DBGMCU_DisableDBGStandbyMode	4	static
