stm32f1xx_hal.c:147:19:HAL_Init	8	static
stm32f1xx_hal.c:180:19:HAL_DeInit	8	static
stm32f1xx_hal.c:205:13:HAL_MspInit	4	static
stm32f1xx_hal.c:216:13:HAL_MspDeInit	4	static
stm32f1xx_hal.c:239:26:HAL_InitTick	16	static
stm32f1xx_hal.c:298:13:HAL_IncTick	4	static
stm32f1xx_hal.c:309:17:HAL_GetTick	4	static
stm32f1xx_hal.c:318:10:HAL_GetTickPrio	4	static
stm32f1xx_hal.c:327:19:HAL_SetTickFreq	24	static
stm32f1xx_hal.c:359:21:HAL_GetTickFreq	4	static
stm32f1xx_hal.c:375:13:HAL_Delay	24	static
stm32f1xx_hal.c:401:13:HAL_SuspendTick	4	static
stm32f1xx_hal.c:417:13:HAL_ResumeTick	4	static
stm32f1xx_hal.c:427:10:HAL_GetHalVersion	4	static
stm32f1xx_hal.c:443:10:HAL_GetREVID	4	static
stm32f1xx_hal.c:459:10:HAL_GetDEVID	4	static
stm32f1xx_hal.c:468:10:HAL_GetUIDw0	4	static
stm32f1xx_hal.c:477:10:HAL_GetUIDw1	4	static
stm32f1xx_hal.c:486:10:HAL_GetUIDw2	4	static
stm32f1xx_hal.c:495:6:HAL_DBGMCU_EnableDBGSleepMode	4	static
stm32f1xx_hal.c:511:6:HAL_DBGMCU_DisableDBGSleepMode	4	static
stm32f1xx_hal.c:541:6:HAL_DBGMCU_EnableDBGStopMode	4	static
stm32f1xx_hal.c:557:6:HAL_DBGMCU_DisableDBGStopMode	4	static
stm32f1xx_hal.c:573:6:HAL_DBGMCU_EnableDBGStandbyMode	4	static
stm32f1xx_hal.c:589:6:HAL_DBGMCU_DisableDBGStandbyMode	4	static
